// Jest Snapshot v1, https://goo.gl/fbAQLP

exports[`renders correctly 1`] = `
<div
  className="product "
>
  <img
    src="https://xpla.org/ext/lorempixel/250/250/technics/5"
  />
  <h3>
    Product 1
  </h3>
  <p>
    Lorem ipsum
    <a
      onClick={[Function]}
    >
       more...
    </a>
  </p>
  <h4
    className="price"
  >
    10.00
     z≈Ç
  </h4>
</div>
`;
